BSIM4v6: Berkeley Short Channel IGFET Model-4
Developed by Xuemei (Jane) Xi, Mohan Dunga, Prof. Ali Niknejad and Prof. Chenming Hu in 2003.

++++++++++ BSIM4v6 PARAMETER CHECKING BELOW ++++++++++
Warning: This model is BSIM4.6.5; you specified a wrong version number.
Model = x1:sky130_fd_pr__pfet_20v0__base.0
